
> expo-app@1.0.0 typecheck
> tsc --noEmit

tsconfig.json(3,3): error TS5098: Option 'customConditions' can only be used when 'moduleResolution' is set to 'node16', 'nodenext', or 'bundler'.
